// Jest Snapshot v1, https://goo.gl/fbAQLP

exports[`App renders without crashing 1`] = `
<styled.div>
  <Memo(l) />
  <Home />
</styled.div>
`;
